// Jest Snapshot v1, https://goo.gl/fbAQLP

exports[`Loading checks all it's children for a loading_state: Loading spinner for children 1`] = `"<div>Child 1</div><div>Child 2</div><div loading_state=\\"[object Object]\\">Child 3</div><div></div>"`;

exports[`Loading renders with multiple children: Loading with is_loading=true 1`] = `
"<div class=\\"dash-spinner dash-default-spinner\\"><div class=\\"dash-default-spinner-rect1\\"></div><div class=\\"dash-default-spinner-rect2\\"></div><div class=\\"dash-default-spinner-rect3\\"></div><div class=\\"dash-default-spinner-rect4\\"></div><div class=\\"dash-default-spinner-rect5\\"></div></div><style>
                    .dash-spinner-container {
                        position: fixed;
                        width: 100vw;
                        height: 100vh;
                        top: 0;
                        left: 0;
                        background-color: white;
                        z-index: 99;
                        display: flex;
                        justify-content: center;
                        align-items: center;
                    }
                    .dash-loading-title {
                        text-align: center;
                    }
                    .dash-default-spinner{
                        margin: 1rem auto;
                        width: 50px;
                        height: 40px;
                        text-align: center;
                        font-size: 10px;
                    }

                    .dash-default-spinner &gt; div {
                        background-color: #119DFF;
                        height: 100%;
                        width: 6px;
                        display: inline-block;
                        margin-right: 4px;

                        -webkit-animation: sk-stretchdelay 1.2s infinite ease-in-out;
                        animation: sk-stretchdelay 1.2s infinite ease-in-out;
                    }

                    .dash-default-spinner .dash-default-spinner-rect2 {
                        -webkit-animation-delay: -1.1s;
                        animation-delay: -1.1s;
                    }

                    .dash-default-spinner .dash-default-spinner-rect3 {
                        -webkit-animation-delay: -1.0s;
                        animation-delay: -1.0s;
                    }

                    .dash-default-spinner .dash-default-spinner-rect4 {
                        -webkit-animation-delay: -0.9s;
                        animation-delay: -0.9s;
                    }

                    .dash-default-spinner .dash-default-spinner-rect5 {
                        -webkit-animation-delay: -0.8s;
                        animation-delay: -0.8s;
                    }

                    @-webkit-keyframes sk-stretchdelay {
                        0%, 40%, 100% { -webkit-transform: scaleY(0.4) }
                        20% { -webkit-transform: scaleY(1.0) }
                    }

                    @keyframes sk-stretchdelay {
                        0%, 40%, 100% {
                        transform: scaleY(0.4);
                        -webkit-transform: scaleY(0.4);
                        }  20% {
                        transform: scaleY(1.0);
                        -webkit-transform: scaleY(1.0);
                        }
                    }
            </style>"
`;

exports[`Loading renders without loading_state.component_name: Loading with is_loading=true 1`] = `
"<div class=\\"dash-spinner dash-default-spinner\\"><div class=\\"dash-default-spinner-rect1\\"></div><div class=\\"dash-default-spinner-rect2\\"></div><div class=\\"dash-default-spinner-rect3\\"></div><div class=\\"dash-default-spinner-rect4\\"></div><div class=\\"dash-default-spinner-rect5\\"></div></div><style>
                    .dash-spinner-container {
                        position: fixed;
                        width: 100vw;
                        height: 100vh;
                        top: 0;
                        left: 0;
                        background-color: white;
                        z-index: 99;
                        display: flex;
                        justify-content: center;
                        align-items: center;
                    }
                    .dash-loading-title {
                        text-align: center;
                    }
                    .dash-default-spinner{
                        margin: 1rem auto;
                        width: 50px;
                        height: 40px;
                        text-align: center;
                        font-size: 10px;
                    }

                    .dash-default-spinner &gt; div {
                        background-color: #119DFF;
                        height: 100%;
                        width: 6px;
                        display: inline-block;
                        margin-right: 4px;

                        -webkit-animation: sk-stretchdelay 1.2s infinite ease-in-out;
                        animation: sk-stretchdelay 1.2s infinite ease-in-out;
                    }

                    .dash-default-spinner .dash-default-spinner-rect2 {
                        -webkit-animation-delay: -1.1s;
                        animation-delay: -1.1s;
                    }

                    .dash-default-spinner .dash-default-spinner-rect3 {
                        -webkit-animation-delay: -1.0s;
                        animation-delay: -1.0s;
                    }

                    .dash-default-spinner .dash-default-spinner-rect4 {
                        -webkit-animation-delay: -0.9s;
                        animation-delay: -0.9s;
                    }

                    .dash-default-spinner .dash-default-spinner-rect5 {
                        -webkit-animation-delay: -0.8s;
                        animation-delay: -0.8s;
                    }

                    @-webkit-keyframes sk-stretchdelay {
                        0%, 40%, 100% { -webkit-transform: scaleY(0.4) }
                        20% { -webkit-transform: scaleY(1.0) }
                    }

                    @keyframes sk-stretchdelay {
                        0%, 40%, 100% {
                        transform: scaleY(0.4);
                        -webkit-transform: scaleY(0.4);
                        }  20% {
                        transform: scaleY(1.0);
                        -webkit-transform: scaleY(1.0);
                        }
                    }
            </style>"
`;

exports[`Loading renders without prop_name: Loading with is_loading=true 1`] = `
"<div class=\\"dash-spinner dash-default-spinner\\"><div class=\\"dash-default-spinner-rect1\\"></div><div class=\\"dash-default-spinner-rect2\\"></div><div class=\\"dash-default-spinner-rect3\\"></div><div class=\\"dash-default-spinner-rect4\\"></div><div class=\\"dash-default-spinner-rect5\\"></div></div><style>
                    .dash-spinner-container {
                        position: fixed;
                        width: 100vw;
                        height: 100vh;
                        top: 0;
                        left: 0;
                        background-color: white;
                        z-index: 99;
                        display: flex;
                        justify-content: center;
                        align-items: center;
                    }
                    .dash-loading-title {
                        text-align: center;
                    }
                    .dash-default-spinner{
                        margin: 1rem auto;
                        width: 50px;
                        height: 40px;
                        text-align: center;
                        font-size: 10px;
                    }

                    .dash-default-spinner &gt; div {
                        background-color: #119DFF;
                        height: 100%;
                        width: 6px;
                        display: inline-block;
                        margin-right: 4px;

                        -webkit-animation: sk-stretchdelay 1.2s infinite ease-in-out;
                        animation: sk-stretchdelay 1.2s infinite ease-in-out;
                    }

                    .dash-default-spinner .dash-default-spinner-rect2 {
                        -webkit-animation-delay: -1.1s;
                        animation-delay: -1.1s;
                    }

                    .dash-default-spinner .dash-default-spinner-rect3 {
                        -webkit-animation-delay: -1.0s;
                        animation-delay: -1.0s;
                    }

                    .dash-default-spinner .dash-default-spinner-rect4 {
                        -webkit-animation-delay: -0.9s;
                        animation-delay: -0.9s;
                    }

                    .dash-default-spinner .dash-default-spinner-rect5 {
                        -webkit-animation-delay: -0.8s;
                        animation-delay: -0.8s;
                    }

                    @-webkit-keyframes sk-stretchdelay {
                        0%, 40%, 100% { -webkit-transform: scaleY(0.4) }
                        20% { -webkit-transform: scaleY(1.0) }
                    }

                    @keyframes sk-stretchdelay {
                        0%, 40%, 100% {
                        transform: scaleY(0.4);
                        -webkit-transform: scaleY(0.4);
                        }  20% {
                        transform: scaleY(1.0);
                        -webkit-transform: scaleY(1.0);
                        }
                    }
            </style>"
`;

exports[`Loading renders: Loading with is_loading=true 1`] = `
"<div class=\\"dash-spinner dash-default-spinner\\"><div class=\\"dash-default-spinner-rect1\\"></div><div class=\\"dash-default-spinner-rect2\\"></div><div class=\\"dash-default-spinner-rect3\\"></div><div class=\\"dash-default-spinner-rect4\\"></div><div class=\\"dash-default-spinner-rect5\\"></div></div><style>
                    .dash-spinner-container {
                        position: fixed;
                        width: 100vw;
                        height: 100vh;
                        top: 0;
                        left: 0;
                        background-color: white;
                        z-index: 99;
                        display: flex;
                        justify-content: center;
                        align-items: center;
                    }
                    .dash-loading-title {
                        text-align: center;
                    }
                    .dash-default-spinner{
                        margin: 1rem auto;
                        width: 50px;
                        height: 40px;
                        text-align: center;
                        font-size: 10px;
                    }

                    .dash-default-spinner &gt; div {
                        background-color: #119DFF;
                        height: 100%;
                        width: 6px;
                        display: inline-block;
                        margin-right: 4px;

                        -webkit-animation: sk-stretchdelay 1.2s infinite ease-in-out;
                        animation: sk-stretchdelay 1.2s infinite ease-in-out;
                    }

                    .dash-default-spinner .dash-default-spinner-rect2 {
                        -webkit-animation-delay: -1.1s;
                        animation-delay: -1.1s;
                    }

                    .dash-default-spinner .dash-default-spinner-rect3 {
                        -webkit-animation-delay: -1.0s;
                        animation-delay: -1.0s;
                    }

                    .dash-default-spinner .dash-default-spinner-rect4 {
                        -webkit-animation-delay: -0.9s;
                        animation-delay: -0.9s;
                    }

                    .dash-default-spinner .dash-default-spinner-rect5 {
                        -webkit-animation-delay: -0.8s;
                        animation-delay: -0.8s;
                    }

                    @-webkit-keyframes sk-stretchdelay {
                        0%, 40%, 100% { -webkit-transform: scaleY(0.4) }
                        20% { -webkit-transform: scaleY(1.0) }
                    }

                    @keyframes sk-stretchdelay {
                        0%, 40%, 100% {
                        transform: scaleY(0.4);
                        -webkit-transform: scaleY(0.4);
                        }  20% {
                        transform: scaleY(1.0);
                        -webkit-transform: scaleY(1.0);
                        }
                    }
            </style>"
`;
